Warning: You are sending unauthenticated requests to the HF Hub. Please set a HF_TOKEN to enable higher rate limits and faster downloads.
/content/FlexLLMGen/flexllmgen/pytorch_backend.py:847: UserWarning: Using a non-tuple sequence for multidimensional indexing is deprecated and will be changed in pytorch 2.9; use x[tuple(seq)] instead of x[seq]. In pytorch 2.9 this will be interpreted as tensor index, x[torch.tensor(seq)], which will result either in an error or a different result (Triggered internally at /pytorch/torch/csrc/autograd/python_variable_indexing.cpp:347.)
  src = src.data[src_indices] if src_indices else src.data
/content/FlexLLMGen/flexllmgen/pytorch_backend.py:848: UserWarning: Using a non-tuple sequence for multidimensional indexing is deprecated and will be changed in pytorch 2.9; use x[tuple(seq)] instead of x[seq]. In pytorch 2.9 this will be interpreted as tensor index, x[torch.tensor(seq)], which will result either in an error or a different result (Triggered internally at /pytorch/torch/csrc/autograd/python_variable_indexing.cpp:347.)
  dst = dst.data[dst_indices] if dst_indices else dst.data
/content/FlexLLMGen/flexllmgen/compression.py:199: UserWarning: Using a non-tuple sequence for multidimensional indexing is deprecated and will be changed in pytorch 2.9; use x[tuple(seq)] instead of x[seq]. In pytorch 2.9 this will be interpreted as tensor index, x[torch.tensor(seq)], which will result either in an error or a different result (Triggered internally at /pytorch/torch/csrc/autograd/python_variable_indexing.cpp:347.)
  data = data.view(flatten_shape)[indices].contiguous()
/usr/local/lib/python3.12/dist-packages/torch/__init__.py:1146: FutureWarning: `torch.distributed.reduce_op` is deprecated, please use `torch.distributed.ReduceOp` instead
  return isinstance(obj, torch.Tensor)
<run_flexllmgen>: args.model: facebook/opt-1.3b
model size: 2.443 GB, cache size: 0.105 GB, hidden size (prefill): 0.002 GB
init weight...
warmup - generate
benchmark - generate
Outputs:
----------------------------------------------------------------------
0: Paris is the capital city of France. It is the largest city in France and the second largest in Europe.
----------------------------------------------------------------------
3: Paris is the capital city of France. It is the largest city in France and the second largest in Europe.
----------------------------------------------------------------------

TorchDevice: cuda:0
  cur_mem: 0.7548 GB,  peak_mem: 1.1037 GB
TorchDevice: cpu
  cur_mem: 0.0000 GB,  peak_mem: 0.0000 GB
model size: 2.443 GB	cache size: 0.105 GB	hidden size (p): 0.002 GB
peak gpu mem: 1.104 GB	projected: False
prefill latency: 0.228 s	prefill throughput: 2241.638 token/s
decode latency: 2.528 s	decode throughput: 23.734 token/s
total latency: 2.756 s	total throughput: 23.218 token/s
