Warning: You are sending unauthenticated requests to the HF Hub. Please set a HF_TOKEN to enable higher rate limits and faster downloads.
/usr/local/lib/python3.12/dist-packages/torch/__init__.py:1146: FutureWarning: `torch.distributed.reduce_op` is deprecated, please use `torch.distributed.ReduceOp` instead
  return isinstance(obj, torch.Tensor)
<run_flexllmgen>: args.model: facebook/opt-1.3b
model size: 2.443 GB, cache size: 0.026 GB, hidden size (prefill): 0.001 GB
init weight...
warmup - generate
benchmark - generate
Outputs:
----------------------------------------------------------------------
0: Paris is the capital city of France. It is the most populous city in France, with an estimated population of
----------------------------------------------------------------------
0: Paris is the capital city of France. It is the most populous city in France, with an estimated population of
----------------------------------------------------------------------

TorchDevice: cuda:0
  cur_mem: 0.0089 GB,  peak_mem: 0.4895 GB
TorchDevice: cpu
  cur_mem: 0.0000 GB,  peak_mem: 0.0000 GB
model size: 2.443 GB	cache size: 0.026 GB	hidden size (p): 0.001 GB
peak gpu mem: 0.489 GB	projected: False
prefill latency: 11.256 s	prefill throughput: 11.372 token/s
decode latency: 168.223 s	decode throughput: 0.089 token/s
total latency: 179.478 s	total throughput: 0.089 token/s
