               total        used        free      shared  buff/cache   available
Mem:           12975        1059        9280           4        2635       11593
Swap:              0           0           0

               total        used        free      shared  buff/cache   available
Mem:           12975        1151        8989           4        2834       11500
Swap:              0           0           0

               total        used        free      shared  buff/cache   available
Mem:           12975        1171        8710           4        3093       11481
Swap:              0           0           0

               total        used        free      shared  buff/cache   available
Mem:           12975        1260        8498           4        3216       11392
Swap:              0           0           0

               total        used        free      shared  buff/cache   available
Mem:           12975        1295        8428           4        3250       11356
Swap:              0           0           0

               total        used        free      shared  buff/cache   available
Mem:           12975        1322        8378           4        3275       11330
Swap:              0           0           0

               total        used        free      shared  buff/cache   available
Mem:           12975        1327        8353           4        3294       11325
Swap:              0           0           0

               total        used        free      shared  buff/cache   available
Mem:           12975        1356        8311           4        3308       11296
Swap:              0           0           0

               total        used        free      shared  buff/cache   available
Mem:           12975        1354        8286           4        3333       11298
Swap:              0           0           0

               total        used        free      shared  buff/cache   available
Mem:           12975        1368        8218           4        3388       11284
Swap:              0           0           0

               total        used        free      shared  buff/cache   available
Mem:           12975        1370        8161           4        3443       11282
Swap:              0           0           0

               total        used        free      shared  buff/cache   available
Mem:           12975        1393        8010           4        3570       11259
Swap:              0           0           0

               total        used        free      shared  buff/cache   available
Mem:           12975        1428        7913           4        3633       11224
Swap:              0           0           0

               total        used        free      shared  buff/cache   available
Mem:           12975        1466        7765           4        3743       11185
Swap:              0           0           0

               total        used        free      shared  buff/cache   available
Mem:           12975        1480        7736           4        3758       11172
Swap:              0           0           0

               total        used        free      shared  buff/cache   available
Mem:           12975        1622        7316         315        4036       10719
Swap:              0           0           0

               total        used        free      shared  buff/cache   available
Mem:           12975        1625        4951        2480        6398        8550
Swap:              0           0           0

               total        used        free      shared  buff/cache   available
Mem:           12975        1670        2611        4153        8693        6833
Swap:              0           0           0

               total        used        free      shared  buff/cache   available
Mem:           12975        1705         216        6479       11053        4472
Swap:              0           0           0

               total        used        free      shared  buff/cache   available
Mem:           12975        1696         807        7805       10470        3155
Swap:              0           0           0

               total        used        free      shared  buff/cache   available
Mem:           12975        1704         579        8206       10691        2746
Swap:              0           0           0

               total        used        free      shared  buff/cache   available
Mem:           12975        1727         547        8206       10700        2723
Swap:              0           0           0

               total        used        free      shared  buff/cache   available
Mem:           12975        1743         200        8206       11031        2707
Swap:              0           0           0

               total        used        free      shared  buff/cache   available
Mem:           12975        1743         200        8206       11031        2707
Swap:              0           0           0

               total        used        free      shared  buff/cache   available
Mem:           12975        1744         200        8206       11031        2706
Swap:              0           0           0

               total        used        free      shared  buff/cache   available
Mem:           12975        1745         199        8206       11031        2705
Swap:              0           0           0

               total        used        free      shared  buff/cache   available
Mem:           12975        1746         198        8206       11031        2704
Swap:              0           0           0

               total        used        free      shared  buff/cache   available
Mem:           12975        1746         197        8206       11031        2704
Swap:              0           0           0

               total        used        free      shared  buff/cache   available
Mem:           12975        1741         202        8206       11031        2709
Swap:              0           0           0

               total        used        free      shared  buff/cache   available
Mem:           12975        1741         202        8206       11031        2709
Swap:              0           0           0

               total        used        free      shared  buff/cache   available
Mem:           12975        1741         202        8206       11031        2709
Swap:              0           0           0

               total        used        free      shared  buff/cache   available
Mem:           12975        1740         202        8206       11031        2709
Swap:              0           0           0

               total        used        free      shared  buff/cache   available
Mem:           12975        1748         195        8206       11031        2702
Swap:              0           0           0

               total        used        free      shared  buff/cache   available
Mem:           12975        1738         204        8206       11031        2711
Swap:              0           0           0

               total        used        free      shared  buff/cache   available
Mem:           12975        1751         190        8206       11033        2699
Swap:              0           0           0

               total        used        free      shared  buff/cache   available
Mem:           12975        1752         190        8206       11033        2698
Swap:              0           0           0

               total        used        free      shared  buff/cache   available
Mem:           12975        1751         190        8206       11033        2698
Swap:              0           0           0

               total        used        free      shared  buff/cache   available
Mem:           12975        1751         190        8206       11033        2698
Swap:              0           0           0

               total        used        free      shared  buff/cache   available
Mem:           12975        1752         189        8206       11033        2698
Swap:              0           0           0

               total        used        free      shared  buff/cache   available
Mem:           12975        1752         189        8206       11033        2698
Swap:              0           0           0

               total        used        free      shared  buff/cache   available
Mem:           12975        1752         189        8206       11033        2698
Swap:              0           0           0

               total        used        free      shared  buff/cache   available
Mem:           12975        1752         189        8206       11033        2698
Swap:              0           0           0

               total        used        free      shared  buff/cache   available
Mem:           12975        1736         204        8206       11034        2713
Swap:              0           0           0

               total        used        free      shared  buff/cache   available
Mem:           12975        1729         214        8206       11031        2721
Swap:              0           0           0

               total        used        free      shared  buff/cache   available
Mem:           12975        1728         213        8206       11034        2722
Swap:              0           0           0

               total        used        free      shared  buff/cache   available
Mem:           12975        1727         213        8206       11034        2723
Swap:              0           0           0

               total        used        free      shared  buff/cache   available
Mem:           12975        1727         213        8206       11034        2723
Swap:              0           0           0

               total        used        free      shared  buff/cache   available
Mem:           12975        1727         213        8206       11034        2722
Swap:              0           0           0

               total        used        free      shared  buff/cache   available
Mem:           12975        1754         186        8206       11034        2696
Swap:              0           0           0

               total        used        free      shared  buff/cache   available
Mem:           12975        1754         186        8206       11034        2696
Swap:              0           0           0

               total        used        free      shared  buff/cache   available
Mem:           12975        1754         186        8206       11034        2696
Swap:              0           0           0

               total        used        free      shared  buff/cache   available
Mem:           12975        1754         186        8206       11034        2696
Swap:              0           0           0

               total        used        free      shared  buff/cache   available
Mem:           12975        1754         186        8206       11034        2696
Swap:              0           0           0

               total        used        free      shared  buff/cache   available
Mem:           12975        1755         185        8206       11034        2695
Swap:              0           0           0

               total        used        free      shared  buff/cache   available
Mem:           12975        1755         185        8206       11034        2695
Swap:              0           0           0

               total        used        free      shared  buff/cache   available
Mem:           12975        1722         218        8206       11034        2728
Swap:              0           0           0

               total        used        free      shared  buff/cache   available
Mem:           12975        1747         193        8206       11034        2703
Swap:              0           0           0

               total        used        free      shared  buff/cache   available
Mem:           12975        1735         205        8206       11034        2715
Swap:              0           0           0

               total        used        free      shared  buff/cache   available
Mem:           12975        1710         231        8206       11034        2740
Swap:              0           0           0

               total        used        free      shared  buff/cache   available
Mem:           12975        1711         230        8206       11033        2739
Swap:              0           0           0

               total        used        free      shared  buff/cache   available
Mem:           12975        1714         226        8206       11034        2736
Swap:              0           0           0

               total        used        free      shared  buff/cache   available
Mem:           12975        1718         222        8206       11034        2732
Swap:              0           0           0

               total        used        free      shared  buff/cache   available
Mem:           12975        1725         215        8206       11034        2725
Swap:              0           0           0

               total        used        free      shared  buff/cache   available
Mem:           12975        1760         180        8206       11034        2690
Swap:              0           0           0

               total        used        free      shared  buff/cache   available
Mem:           12975        1729         211        8206       11034        2721
Swap:              0           0           0

               total        used        free      shared  buff/cache   available
Mem:           12975        1730         210        8206       11034        2720
Swap:              0           0           0

               total        used        free      shared  buff/cache   available
Mem:           12975        1730         210        8206       11034        2720
Swap:              0           0           0

               total        used        free      shared  buff/cache   available
Mem:           12975        1750         190        8206       11034        2700
Swap:              0           0           0

               total        used        free      shared  buff/cache   available
Mem:           12975        1724         220        8206       11030        2726
Swap:              0           0           0

               total        used        free      shared  buff/cache   available
Mem:           12975        1724         215        8206       11034        2726
Swap:              0           0           0

               total        used        free      shared  buff/cache   available
Mem:           12975        1724         215        8206       11034        2726
Swap:              0           0           0

               total        used        free      shared  buff/cache   available
Mem:           12975        1724         215        8206       11034        2726
Swap:              0           0           0

               total        used        free      shared  buff/cache   available
Mem:           12975        1725         215        8206       11035        2725
Swap:              0           0           0

               total        used        free      shared  buff/cache   available
Mem:           12975        1748         192        8206       11034        2702
Swap:              0           0           0

               total        used        free      shared  buff/cache   available
Mem:           12975        1745         194        8206       11034        2704
Swap:              0           0           0

               total        used        free      shared  buff/cache   available
Mem:           12975        1714         225        8206       11035        2736
Swap:              0           0           0

               total        used        free      shared  buff/cache   available
Mem:           12975        1715         224        8206       11035        2735
Swap:              0           0           0

               total        used        free      shared  buff/cache   available
Mem:           12975        1719         221        8206       11035        2731
Swap:              0           0           0

               total        used        free      shared  buff/cache   available
Mem:           12975        1720         220        8206       11035        2730
Swap:              0           0           0

               total        used        free      shared  buff/cache   available
Mem:           12975        1750         190        8206       11035        2700
Swap:              0           0           0

               total        used        free      shared  buff/cache   available
Mem:           12975        1741         198        8206       11035        2709
Swap:              0           0           0

               total        used        free      shared  buff/cache   available
Mem:           12975        1740         198        8206       11035        2709
Swap:              0           0           0

               total        used        free      shared  buff/cache   available
Mem:           12975        1741         198        8206       11035        2709
Swap:              0           0           0

               total        used        free      shared  buff/cache   available
Mem:           12975        1741         198        8206       11035        2709
Swap:              0           0           0

               total        used        free      shared  buff/cache   available
Mem:           12975        1742         198        8206       11035        2708
Swap:              0           0           0

               total        used        free      shared  buff/cache   available
Mem:           12975        1741         198        8206       11035        2709
Swap:              0           0           0

               total        used        free      shared  buff/cache   available
Mem:           12975        1741         198        8206       11035        2709
Swap:              0           0           0

               total        used        free      shared  buff/cache   available
Mem:           12975        1741         197        8206       11036        2709
Swap:              0           0           0

               total        used        free      shared  buff/cache   available
Mem:           12975        1718         220        8206       11036        2732
Swap:              0           0           0

               total        used        free      shared  buff/cache   available
Mem:           12975        1718         220        8206       11036        2732
Swap:              0           0           0

               total        used        free      shared  buff/cache   available
Mem:           12975        1720         218        8206       11036        2730
Swap:              0           0           0

               total        used        free      shared  buff/cache   available
Mem:           12975        1738         200        8206       11036        2712
Swap:              0           0           0

               total        used        free      shared  buff/cache   available
Mem:           12975        1739         199        8206       11036        2711
Swap:              0           0           0

               total        used        free      shared  buff/cache   available
Mem:           12975        1739         199        8206       11036        2711
Swap:              0           0           0

               total        used        free      shared  buff/cache   available
Mem:           12975        1740         199        8206       11036        2710
Swap:              0           0           0

               total        used        free      shared  buff/cache   available
Mem:           12975        1739         199        8206       11036        2711
Swap:              0           0           0

               total        used        free      shared  buff/cache   available
Mem:           12975        1739         199        8206       11036        2711
Swap:              0           0           0

               total        used        free      shared  buff/cache   available
Mem:           12975        1739         198        8206       11036        2711
Swap:              0           0           0

               total        used        free      shared  buff/cache   available
Mem:           12975        1740         198        8206       11036        2710
Swap:              0           0           0

               total        used        free      shared  buff/cache   available
Mem:           12975        1740         198        8206       11037        2710
Swap:              0           0           0

               total        used        free      shared  buff/cache   available
Mem:           12975        1740         198        8206       11037        2710
Swap:              0           0           0

               total        used        free      shared  buff/cache   available
Mem:           12975        1739         198        8206       11037        2710
Swap:              0           0           0

               total        used        free      shared  buff/cache   available
Mem:           12975        1722         215        8206       11037        2727
Swap:              0           0           0

               total        used        free      shared  buff/cache   available
Mem:           12975        1739         198        8206       11037        2711
Swap:              0           0           0

               total        used        free      shared  buff/cache   available
Mem:           12975        1738         198        8206       11038        2712
Swap:              0           0           0

               total        used        free      shared  buff/cache   available
Mem:           12975        1738         198        8206       11038        2712
Swap:              0           0           0

               total        used        free      shared  buff/cache   available
Mem:           12975        1738         198        8206       11038        2712
Swap:              0           0           0

               total        used        free      shared  buff/cache   available
Mem:           12975        1738         198        8206       11038        2712
Swap:              0           0           0

               total        used        free      shared  buff/cache   available
Mem:           12975        1708         228        8206       11038        2742
Swap:              0           0           0

               total        used        free      shared  buff/cache   available
Mem:           12975        1710         226        8206       11038        2740
Swap:              0           0           0

               total        used        free      shared  buff/cache   available
Mem:           12975        1710         226        8206       11038        2740
Swap:              0           0           0

               total        used        free      shared  buff/cache   available
Mem:           12975        1710         226        8206       11038        2740
Swap:              0           0           0

               total        used        free      shared  buff/cache   available
Mem:           12975        1711         224        8206       11038        2738
Swap:              0           0           0

               total        used        free      shared  buff/cache   available
Mem:           12975        1712         224        8206       11039        2738
Swap:              0           0           0

               total        used        free      shared  buff/cache   available
Mem:           12975        1746         189        8206       11039        2704
Swap:              0           0           0

               total        used        free      shared  buff/cache   available
Mem:           12975        1737         198        8206       11039        2713
Swap:              0           0           0

               total        used        free      shared  buff/cache   available
Mem:           12975        1737         198        8206       11039        2713
Swap:              0           0           0

               total        used        free      shared  buff/cache   available
Mem:           12975        1738         198        8206       11039        2712
Swap:              0           0           0

               total        used        free      shared  buff/cache   available
Mem:           12975        1755         180        8206       11039        2695
Swap:              0           0           0

               total        used        free      shared  buff/cache   available
Mem:           12975        1755         180        8206       11039        2695
Swap:              0           0           0

               total        used        free      shared  buff/cache   available
Mem:           12975        1755         180        8206       11039        2695
Swap:              0           0           0

               total        used        free      shared  buff/cache   available
Mem:           12975        1754         180        8206       11039        2695
Swap:              0           0           0

               total        used        free      shared  buff/cache   available
Mem:           12975        1725         210        8206       11039        2725
Swap:              0           0           0

               total        used        free      shared  buff/cache   available
Mem:           12975        1725         210        8206       11039        2725
Swap:              0           0           0

               total        used        free      shared  buff/cache   available
Mem:           12975        1725         209        8206       11039        2725
Swap:              0           0           0

               total        used        free      shared  buff/cache   available
Mem:           12975        1740         195        8206       11039        2710
Swap:              0           0           0

               total        used        free      shared  buff/cache   available
Mem:           12975        1740         195        8206       11039        2710
Swap:              0           0           0

               total        used        free      shared  buff/cache   available
Mem:           12975        1711         223        8206       11040        2739
Swap:              0           0           0

               total        used        free      shared  buff/cache   available
Mem:           12975        1717         217        8206       11040        2732
Swap:              0           0           0

               total        used        free      shared  buff/cache   available
Mem:           12975        1761         173        8206       11040        2688
Swap:              0           0           0

               total        used        free      shared  buff/cache   available
Mem:           12975        1761         173        8206       11040        2689
Swap:              0           0           0

               total        used        free      shared  buff/cache   available
Mem:           12975        1761         173        8206       11040        2689
Swap:              0           0           0

               total        used        free      shared  buff/cache   available
Mem:           12975        1761         173        8206       11040        2689
Swap:              0           0           0

               total        used        free      shared  buff/cache   available
Mem:           12975        1758         176        8206       11040        2692
Swap:              0           0           0

               total        used        free      shared  buff/cache   available
Mem:           12975        1758         176        8206       11040        2691
Swap:              0           0           0

               total        used        free      shared  buff/cache   available
Mem:           12975        1758         176        8206       11040        2692
Swap:              0           0           0

               total        used        free      shared  buff/cache   available
Mem:           12975        1758         176        8206       11040        2692
Swap:              0           0           0

               total        used        free      shared  buff/cache   available
Mem:           12975        1743         191        8206       11040        2707
Swap:              0           0           0

               total        used        free      shared  buff/cache   available
Mem:           12975        1753         181        8206       11040        2697
Swap:              0           0           0

               total        used        free      shared  buff/cache   available
Mem:           12975        1753         180        8206       11040        2696
Swap:              0           0           0

               total        used        free      shared  buff/cache   available
Mem:           12975        1754         180        8206       11040        2696
Swap:              0           0           0

               total        used        free      shared  buff/cache   available
Mem:           12975        1723         210        8206       11040        2726
Swap:              0           0           0

               total        used        free      shared  buff/cache   available
Mem:           12975        1725         209        8206       11041        2725
Swap:              0           0           0

               total        used        free      shared  buff/cache   available
Mem:           12975        1763         169        8206       11042        2687
Swap:              0           0           0

               total        used        free      shared  buff/cache   available
Mem:           12975        1976         196        8208       10801        2472
Swap:              0           0           0

               total        used        free      shared  buff/cache   available
Mem:           12975        1982         191        8208       10801        2466
Swap:              0           0           0

               total        used        free      shared  buff/cache   available
Mem:           12975        1977         196        8208       10801        2471
Swap:              0           0           0

               total        used        free      shared  buff/cache   available
Mem:           12975        1981         192        8208       10801        2467
Swap:              0           0           0

               total        used        free      shared  buff/cache   available
Mem:           12975        1974         199        8208       10802        2474
Swap:              0           0           0

               total        used        free      shared  buff/cache   available
Mem:           12975        1990         183        8208       10802        2458
Swap:              0           0           0

               total        used        free      shared  buff/cache   available
Mem:           12975        1963         210        8208       10802        2485
Swap:              0           0           0

               total        used        free      shared  buff/cache   available
Mem:           12975        1963         210        8208       10802        2485
Swap:              0           0           0

               total        used        free      shared  buff/cache   available
Mem:           12975        1981         191        8208       10802        2466
Swap:              0           0           0

               total        used        free      shared  buff/cache   available
Mem:           12975        1982         190        8208       10802        2466
Swap:              0           0           0

               total        used        free      shared  buff/cache   available
Mem:           12975        1979         200        8208       10795        2469
Swap:              0           0           0

               total        used        free      shared  buff/cache   available
Mem:           12975        1986         193        8208       10795        2462
Swap:              0           0           0

               total        used        free      shared  buff/cache   available
Mem:           12975        1987         192        8208       10796        2461
Swap:              0           0           0

               total        used        free      shared  buff/cache   available
Mem:           12975        2015         164        8208       10796        2433
Swap:              0           0           0

               total        used        free      shared  buff/cache   available
Mem:           12975        1986         193        8208       10796        2462
Swap:              0           0           0

               total        used        free      shared  buff/cache   available
Mem:           12975        2017         162        8208       10796        2431
Swap:              0           0           0

               total        used        free      shared  buff/cache   available
Mem:           12975        1981         197        8208       10796        2467
Swap:              0           0           0

               total        used        free      shared  buff/cache   available
Mem:           12975        1994         185        8208       10796        2454
Swap:              0           0           0

               total        used        free      shared  buff/cache   available
Mem:           12975        1987         191        8208       10796        2460
Swap:              0           0           0

               total        used        free      shared  buff/cache   available
Mem:           12975        2004         174        8208       10796        2444
Swap:              0           0           0

               total        used        free      shared  buff/cache   available
Mem:           12975        2012         166        8208       10796        2436
Swap:              0           0           0

               total        used        free      shared  buff/cache   available
Mem:           12975        2013         166        8208       10795        2435
Swap:              0           0           0

               total        used        free      shared  buff/cache   available
Mem:           12975        2042         170        8208       10762        2406
Swap:              0           0           0

               total        used        free      shared  buff/cache   available
Mem:           12975        2079         207        8208       10689        2369
Swap:              0           0           0

               total        used        free      shared  buff/cache   available
Mem:           12975        2120         165        8208       10689        2327
Swap:              0           0           0

               total        used        free      shared  buff/cache   available
Mem:           12975        2125         161        8208       10689        2323
Swap:              0           0           0

               total        used        free      shared  buff/cache   available
Mem:           12975        2113         173        8208       10689        2335
Swap:              0           0           0

               total        used        free      shared  buff/cache   available
Mem:           12975        2124         161        8208       10689        2324
Swap:              0           0           0

               total        used        free      shared  buff/cache   available
Mem:           12975        2099         186        8208       10689        2348
Swap:              0           0           0

               total        used        free      shared  buff/cache   available
Mem:           12975        2108         178        8208       10689        2340
Swap:              0           0           0

               total        used        free      shared  buff/cache   available
Mem:           12975        2100         185        8208       10689        2348
Swap:              0           0           0

               total        used        free      shared  buff/cache   available
Mem:           12975        2121         165        8208       10689        2327
Swap:              0           0           0

               total        used        free      shared  buff/cache   available
Mem:           12975        2092         194        8208       10689        2356
Swap:              0           0           0

               total        used        free      shared  buff/cache   available
Mem:           12975        2097         190        8208       10688        2351
Swap:              0           0           0

               total        used        free      shared  buff/cache   available
Mem:           12975        2133         163        8208       10677        2315
Swap:              0           0           0

               total        used        free      shared  buff/cache   available
Mem:           12975        2134         163        8208       10678        2314
Swap:              0           0           0

               total        used        free      shared  buff/cache   available
Mem:           12975        2097         199        8208       10678        2351
Swap:              0           0           0

               total        used        free      shared  buff/cache   available
Mem:           12975        2135         160        8208       10679        2313
Swap:              0           0           0

               total        used        free      shared  buff/cache   available
Mem:           12975        2135         160        8208       10679        2313
Swap:              0           0           0

               total        used        free      shared  buff/cache   available
Mem:           12975        2135         160        8208       10679        2313
Swap:              0           0           0

               total        used        free      shared  buff/cache   available
Mem:           12975        2084         211        8208       10679        2364
Swap:              0           0           0

               total        used        free      shared  buff/cache   available
Mem:           12975        2110         185        8208       10679        2338
Swap:              0           0           0

               total        used        free      shared  buff/cache   available
Mem:           12975        2112         183        8208       10679        2336
Swap:              0           0           0

               total        used        free      shared  buff/cache   available
Mem:           12975        2137         158        8208       10679        2311
Swap:              0           0           0

               total        used        free      shared  buff/cache   available
Mem:           12975        2106         190        8208       10679        2342
Swap:              0           0           0

               total        used        free      shared  buff/cache   available
Mem:           12975        2095         200        8208       10679        2353
Swap:              0           0           0

               total        used        free      shared  buff/cache   available
Mem:           12975        2135         160        8208       10679        2313
Swap:              0           0           0

               total        used        free      shared  buff/cache   available
Mem:           12975        2082         213        8208       10679        2366
Swap:              0           0           0

               total        used        free      shared  buff/cache   available
Mem:           12975        2106         189        8208       10679        2342
Swap:              0           0           0

               total        used        free      shared  buff/cache   available
Mem:           12975        2134         161        8208       10679        2314
Swap:              0           0           0

               total        used        free      shared  buff/cache   available
Mem:           12975        2105         190        8208       10679        2343
Swap:              0           0           0

               total        used        free      shared  buff/cache   available
Mem:           12975        2102         193        8208       10679        2346
Swap:              0           0           0

               total        used        free      shared  buff/cache   available
Mem:           12975        2106         189        8208       10679        2342
Swap:              0           0           0

               total        used        free      shared  buff/cache   available
Mem:           12975        2110         185        8208       10679        2338
Swap:              0           0           0

               total        used        free      shared  buff/cache   available
Mem:           12975        2106         188        8208       10679        2342
Swap:              0           0           0

               total        used        free      shared  buff/cache   available
Mem:           12975        2102         193        8208       10679        2346
Swap:              0           0           0

               total        used        free      shared  buff/cache   available
Mem:           12975        2086         208        8208       10679        2362
Swap:              0           0           0

               total        used        free      shared  buff/cache   available
Mem:           12975        2128         167        8208       10680        2320
Swap:              0           0           0

               total        used        free      shared  buff/cache   available
Mem:           12975        2127         167        8208       10680        2320
Swap:              0           0           0

               total        used        free      shared  buff/cache   available
Mem:           12975        2086         208        8208       10679        2362
Swap:              0           0           0

               total        used        free      shared  buff/cache   available
Mem:           12975        2099         196        8208       10680        2349
Swap:              0           0           0

               total        used        free      shared  buff/cache   available
Mem:           12975        2131         163        8208       10680        2316
Swap:              0           0           0

               total        used        free      shared  buff/cache   available
Mem:           12975        2132         163        8208       10680        2316
Swap:              0           0           0

               total        used        free      shared  buff/cache   available
Mem:           12975        2132         163        8208       10680        2316
Swap:              0           0           0

               total        used        free      shared  buff/cache   available
Mem:           12975        2099         195        8208       10681        2349
Swap:              0           0           0

               total        used        free      shared  buff/cache   available
Mem:           12975        2106         187        8208       10681        2342
Swap:              0           0           0

               total        used        free      shared  buff/cache   available
Mem:           12975        2111         183        8208       10680        2337
Swap:              0           0           0

               total        used        free      shared  buff/cache   available
Mem:           12975        2124         169        8208       10681        2324
Swap:              0           0           0

               total        used        free      shared  buff/cache   available
Mem:           12975        2095         198        8208       10681        2352
Swap:              0           0           0

               total        used        free      shared  buff/cache   available
Mem:           12975        2091         202        8208       10681        2357
Swap:              0           0           0

               total        used        free      shared  buff/cache   available
Mem:           12975        2133         160        8208       10681        2315
Swap:              0           0           0

               total        used        free      shared  buff/cache   available
Mem:           12975        2095         198        8208       10681        2353
Swap:              0           0           0

               total        used        free      shared  buff/cache   available
Mem:           12975        2104         190        8208       10681        2344
Swap:              0           0           0

               total        used        free      shared  buff/cache   available
Mem:           12975        2128         166        8208       10681        2320
Swap:              0           0           0

               total        used        free      shared  buff/cache   available
Mem:           12975        2126         167        8208       10681        2322
Swap:              0           0           0

               total        used        free      shared  buff/cache   available
Mem:           12975        2129         164        8208       10681        2318
Swap:              0           0           0

               total        used        free      shared  buff/cache   available
Mem:           12975        2100         193        8208       10681        2348
Swap:              0           0           0

               total        used        free      shared  buff/cache   available
Mem:           12975        2110         183        8208       10681        2337
Swap:              0           0           0

               total        used        free      shared  buff/cache   available
Mem:           12975        2109         185        8208       10680        2339
Swap:              0           0           0

               total        used        free      shared  buff/cache   available
Mem:           12975        2130         163        8208       10681        2318
Swap:              0           0           0

               total        used        free      shared  buff/cache   available
Mem:           12975        2085         208        8208       10681        2363
Swap:              0           0           0

               total        used        free      shared  buff/cache   available
Mem:           12975        2103         190        8208       10681        2345
Swap:              0           0           0

               total        used        free      shared  buff/cache   available
Mem:           12975        2132         161        8208       10681        2316
Swap:              0           0           0

               total        used        free      shared  buff/cache   available
Mem:           12975        2132         161        8208       10681        2316
Swap:              0           0           0

               total        used        free      shared  buff/cache   available
Mem:           12975        2129         163        8208       10681        2318
Swap:              0           0           0

               total        used        free      shared  buff/cache   available
Mem:           12975        2132         161        8208       10681        2316
Swap:              0           0           0

               total        used        free      shared  buff/cache   available
Mem:           12975        2132         161        8208       10681        2316
Swap:              0           0           0

               total        used        free      shared  buff/cache   available
Mem:           12975        2128         164        8208       10681        2320
Swap:              0           0           0

               total        used        free      shared  buff/cache   available
Mem:           12975        2139         153        8208       10681        2309
Swap:              0           0           0

               total        used        free      shared  buff/cache   available
Mem:           12975        2113         180        8208       10681        2335
Swap:              0           0           0

               total        used        free      shared  buff/cache   available
Mem:           12975        2109         183        8208       10681        2338
Swap:              0           0           0

               total        used        free      shared  buff/cache   available
Mem:           12975        2129         164        8208       10681        2319
Swap:              0           0           0

               total        used        free      shared  buff/cache   available
Mem:           12975        2109         183        8208       10682        2339
Swap:              0           0           0

               total        used        free      shared  buff/cache   available
Mem:           12975        2133         160        8208       10681        2315
Swap:              0           0           0

               total        used        free      shared  buff/cache   available
Mem:           12975        2128         165        8208       10682        2320
Swap:              0           0           0

               total        used        free      shared  buff/cache   available
Mem:           12975        2127         165        8208       10682        2321
Swap:              0           0           0

               total        used        free      shared  buff/cache   available
Mem:           12975        2101         192        8208       10682        2347
Swap:              0           0           0

               total        used        free      shared  buff/cache   available
Mem:           12975        2120         172        8208       10682        2327
Swap:              0           0           0

               total        used        free      shared  buff/cache   available
Mem:           12975        2091         202        8208       10682        2357
Swap:              0           0           0

               total        used        free      shared  buff/cache   available
Mem:           12975        2100         193        8208       10682        2348
Swap:              0           0           0

               total        used        free      shared  buff/cache   available
Mem:           12975        2122         171        8208       10681        2326
Swap:              0           0           0

               total        used        free      shared  buff/cache   available
Mem:           12975        2098         195        8208       10682        2350
Swap:              0           0           0

               total        used        free      shared  buff/cache   available
Mem:           12975        2108         184        8208       10682        2340
Swap:              0           0           0

               total        used        free      shared  buff/cache   available
Mem:           12975        2126         166        8208       10682        2322
Swap:              0           0           0

               total        used        free      shared  buff/cache   available
Mem:           12975        2107         185        8208       10682        2341
Swap:              0           0           0

               total        used        free      shared  buff/cache   available
Mem:           12975        2126         166        8208       10682        2322
Swap:              0           0           0

               total        used        free      shared  buff/cache   available
Mem:           12975        2127         165        8208       10682        2321
Swap:              0           0           0

               total        used        free      shared  buff/cache   available
Mem:           12975        2127         165        8208       10682        2321
Swap:              0           0           0

               total        used        free      shared  buff/cache   available
Mem:           12975        2088         204        8208       10682        2359
Swap:              0           0           0

               total        used        free      shared  buff/cache   available
Mem:           12975        2133         159        8208       10682        2315
Swap:              0           0           0

               total        used        free      shared  buff/cache   available
Mem:           12975        2131         161        8208       10682        2317
Swap:              0           0           0

               total        used        free      shared  buff/cache   available
Mem:           12975        2129         163        8208       10682        2318
Swap:              0           0           0

               total        used        free      shared  buff/cache   available
Mem:           12975        2130         163        8208       10681        2318
Swap:              0           0           0

               total        used        free      shared  buff/cache   available
Mem:           12975        2098         194        8208       10682        2350
Swap:              0           0           0

               total        used        free      shared  buff/cache   available
Mem:           12975        2102         190        8208       10682        2346
Swap:              0           0           0

               total        used        free      shared  buff/cache   available
Mem:           12975        2133         159        8208       10682        2315
Swap:              0           0           0

               total        used        free      shared  buff/cache   available
Mem:           12975        2118         174        8208       10682        2330
Swap:              0           0           0

               total        used        free      shared  buff/cache   available
Mem:           12975        2131         160        8208       10682        2317
Swap:              0           0           0

               total        used        free      shared  buff/cache   available
Mem:           12975        2129         162        8208       10682        2319
Swap:              0           0           0

               total        used        free      shared  buff/cache   available
Mem:           12975        2129         163        8208       10682        2319
Swap:              0           0           0

               total        used        free      shared  buff/cache   available
Mem:           12975        2131         160        8208       10682        2317
Swap:              0           0           0

               total        used        free      shared  buff/cache   available
Mem:           12975        2131         160        8208       10682        2316
Swap:              0           0           0

               total        used        free      shared  buff/cache   available
Mem:           12975        2100         192        8208       10682        2348
Swap:              0           0           0

               total        used        free      shared  buff/cache   available
Mem:           12975        2105         188        8208       10682        2343
Swap:              0           0           0

               total        used        free      shared  buff/cache   available
Mem:           12975        2130         161        8208       10682        2318
Swap:              0           0           0

               total        used        free      shared  buff/cache   available
Mem:           12975        2099         192        8208       10683        2348
Swap:              0           0           0

               total        used        free      shared  buff/cache   available
Mem:           12975        2106         185        8208       10683        2342
Swap:              0           0           0

               total        used        free      shared  buff/cache   available
Mem:           12975        2125         166        8208       10683        2323
Swap:              0           0           0

               total        used        free      shared  buff/cache   available
Mem:           12975        2118         174        8208       10683        2330
Swap:              0           0           0

               total        used        free      shared  buff/cache   available
Mem:           12975        2100         191        8208       10683        2347
Swap:              0           0           0

               total        used        free      shared  buff/cache   available
Mem:           12975        2129         163        8208       10683        2319
Swap:              0           0           0

               total        used        free      shared  buff/cache   available
Mem:           12975        2129         163        8208       10683        2319
Swap:              0           0           0

               total        used        free      shared  buff/cache   available
Mem:           12975        2132         160        8208       10683        2316
Swap:              0           0           0

               total        used        free      shared  buff/cache   available
Mem:           12975        2127         164        8208       10683        2321
Swap:              0           0           0

               total        used        free      shared  buff/cache   available
Mem:           12975        2128         164        8208       10682        2320
Swap:              0           0           0

               total        used        free      shared  buff/cache   available
Mem:           12975        2100         192        8208       10683        2348
Swap:              0           0           0

               total        used        free      shared  buff/cache   available
Mem:           12975        2099         192        8208       10683        2349
Swap:              0           0           0

               total        used        free      shared  buff/cache   available
Mem:           12975        2107         184        8208       10683        2341
Swap:              0           0           0

               total        used        free      shared  buff/cache   available
Mem:           12975        2106         185        8208       10683        2341
Swap:              0           0           0

               total        used        free      shared  buff/cache   available
Mem:           12975        2131         160        8208       10683        2317
Swap:              0           0           0

               total        used        free      shared  buff/cache   available
Mem:           12975        2102         189        8208       10683        2346
Swap:              0           0           0

               total        used        free      shared  buff/cache   available
Mem:           12975        2091         200        8208       10683        2357
Swap:              0           0           0

               total        used        free      shared  buff/cache   available
Mem:           12975        2130         161        8208       10683        2318
Swap:              0           0           0

               total        used        free      shared  buff/cache   available
Mem:           12975        2129         162        8208       10683        2319
Swap:              0           0           0

               total        used        free      shared  buff/cache   available
Mem:           12975        2122         168        8208       10684        2325
Swap:              0           0           0

               total        used        free      shared  buff/cache   available
Mem:           12975        2123         167        8208       10683        2325
Swap:              0           0           0

               total        used        free      shared  buff/cache   available
Mem:           12975        2084         207        8208       10684        2364
Swap:              0           0           0

               total        used        free      shared  buff/cache   available
Mem:           12975        2102         188        8208       10684        2345
Swap:              0           0           0

               total        used        free      shared  buff/cache   available
Mem:           12975        2129         161        8208       10684        2319
Swap:              0           0           0

               total        used        free      shared  buff/cache   available
Mem:           12975        2106         185        8208       10684        2342
Swap:              0           0           0

               total        used        free      shared  buff/cache   available
Mem:           12975        2126         164        8208       10684        2322
Swap:              0           0           0

               total        used        free      shared  buff/cache   available
Mem:           12975        2127         163        8208       10684        2320
Swap:              0           0           0

               total        used        free      shared  buff/cache   available
Mem:           12975        2127         163        8208       10684        2321
Swap:              0           0           0

               total        used        free      shared  buff/cache   available
Mem:           12975        2093         197        8208       10684        2355
Swap:              0           0           0

               total        used        free      shared  buff/cache   available
Mem:           12975        2127         163        8208       10684        2321
Swap:              0           0           0

               total        used        free      shared  buff/cache   available
Mem:           12975        2130         160        8208       10684        2318
Swap:              0           0           0

               total        used        free      shared  buff/cache   available
Mem:           12975        2133         158        8208       10684        2315
Swap:              0           0           0

               total        used        free      shared  buff/cache   available
Mem:           12975        2128         163        8208       10683        2320
Swap:              0           0           0

               total        used        free      shared  buff/cache   available
Mem:           12975        2096         194        8208       10684        2352
Swap:              0           0           0

               total        used        free      shared  buff/cache   available
Mem:           12975        2099         191        8208       10684        2349
Swap:              0           0           0

               total        used        free      shared  buff/cache   available
Mem:           12975        2121         169        8208       10684        2327
Swap:              0           0           0

               total        used        free      shared  buff/cache   available
Mem:           12975        2114         176        8208       10684        2334
Swap:              0           0           0

               total        used        free      shared  buff/cache   available
Mem:           12975        2089         201        8208       10684        2359
Swap:              0           0           0

               total        used        free      shared  buff/cache   available
Mem:           12975        2100         190        8208       10684        2348
Swap:              0           0           0

               total        used        free      shared  buff/cache   available
Mem:           12975        2102         188        8208       10684        2346
Swap:              0           0           0

               total        used        free      shared  buff/cache   available
Mem:           12975        2100         190        8208       10684        2348
Swap:              0           0           0

               total        used        free      shared  buff/cache   available
Mem:           12975        2127         162        8208       10684        2321
Swap:              0           0           0

               total        used        free      shared  buff/cache   available
Mem:           12975        2127         162        8208       10684        2320
Swap:              0           0           0

               total        used        free      shared  buff/cache   available
Mem:           12975        2126         164        8208       10684        2322
Swap:              0           0           0

               total        used        free      shared  buff/cache   available
Mem:           12975        2129         161        8208       10684        2319
Swap:              0           0           0

               total        used        free      shared  buff/cache   available
Mem:           12975        2078         212        8208       10685        2370
Swap:              0           0           0

               total        used        free      shared  buff/cache   available
Mem:           12975        2099         190        8208       10685        2349
Swap:              0           0           0

               total        used        free      shared  buff/cache   available
Mem:           12975        2129         160        8208       10685        2319
Swap:              0           0           0

               total        used        free      shared  buff/cache   available
Mem:           12975        2117         173        8208       10685        2331
Swap:              0           0           0

               total        used        free      shared  buff/cache   available
Mem:           12975        2109         180        8208       10685        2339
Swap:              0           0           0

               total        used        free      shared  buff/cache   available
Mem:           12975        2129         160        8208       10685        2319
Swap:              0           0           0

               total        used        free      shared  buff/cache   available
Mem:           12975        2129         160        8208       10685        2319
Swap:              0           0           0

               total        used        free      shared  buff/cache   available
Mem:           12975        2125         165        8208       10685        2323
Swap:              0           0           0

               total        used        free      shared  buff/cache   available
Mem:           12975        2131         158        8208       10685        2317
Swap:              0           0           0

               total        used        free      shared  buff/cache   available
Mem:           12975        2102         188        8208       10684        2346
Swap:              0           0           0

               total        used        free      shared  buff/cache   available
Mem:           12975        2129         160        8208       10685        2319
Swap:              0           0           0

               total        used        free      shared  buff/cache   available
Mem:           12975        2128         162        8208       10685        2320
Swap:              0           0           0

               total        used        free      shared  buff/cache   available
Mem:           12975        2127         162        8208       10685        2320
Swap:              0           0           0

               total        used        free      shared  buff/cache   available
Mem:           12975        2096         193        8208       10685        2352
Swap:              0           0           0

               total        used        free      shared  buff/cache   available
Mem:           12975        2131         159        8208       10685        2317
Swap:              0           0           0

               total        used        free      shared  buff/cache   available
Mem:           12975        2115         175        8208       10685        2333
Swap:              0           0           0

               total        used        free      shared  buff/cache   available
Mem:           12975        2098         191        8208       10685        2350
Swap:              0           0           0

               total        used        free      shared  buff/cache   available
Mem:           12975        2131         158        8208       10685        2317
Swap:              0           0           0

               total        used        free      shared  buff/cache   available
Mem:           12975        2131         159        8208       10685        2317
Swap:              0           0           0

               total        used        free      shared  buff/cache   available
Mem:           12975        2130         159        8208       10685        2318
Swap:              0           0           0

               total        used        free      shared  buff/cache   available
Mem:           12975        2119         173        8208       10682        2329
Swap:              0           0           0

               total        used        free      shared  buff/cache   available
Mem:           12975        2093         558        8208       10323        2355
Swap:              0           0           0

               total        used        free      shared  buff/cache   available
Mem:           12975        2066         472        8208       10436        2382
Swap:              0           0           0

               total        used        free      shared  buff/cache   available
Mem:           12975        1633         784        8208       10557        2815
Swap:              0           0           0

               total        used        free      shared  buff/cache   available
Mem:           12975        2613        8010           4        2350       10038
Swap:              0           0           0

               total        used        free      shared  buff/cache   available
Mem:           12975        1065        9559           4        2350       11587
Swap:              0           0           0

               total        used        free      shared  buff/cache   available
Mem:           12975        1066        9558           4        2350       11586
Swap:              0           0           0

               total        used        free      shared  buff/cache   available
Mem:           12975        1074        9549           4        2350       11577
Swap:              0           0           0

               total        used        free      shared  buff/cache   available
Mem:           12975        1060        9564           4        2350       11592
Swap:              0           0           0

               total        used        free      shared  buff/cache   available
Mem:           12975        1060        9564           4        2350       11592
Swap:              0           0           0
